// Jest Snapshot v1, https://goo.gl/fbAQLP

exports[`Survey renders correctly 1`] = `
ShallowWrapper {
  "length": 1,
  Symbol(enzyme.__root__): [Circular],
  Symbol(enzyme.__unrendered__): <SurveyContainer
    survey={
      Object {
        "careerDevelopmentJobCount": 0,
        "careerSalary": 0,
        "careerSatisfaction": "",
        "careerWorkLifeBalance": "",
        "developerCurrentRoles": Array [],
        "developerHowLong": 0,
        "languagePrimaryHomeLanguages": Array [],
        "languagePrimaryWorkLanguage": "",
        "languageWhenDidYouLearnIt": 0,
        "languageWhereDidYouLearnIt": Array [],
        "languageWhyDoYouUseIt": Array [],
        "officeEmployeeCount": "",
        "officeHoursPerWeek": 0,
        "officeLocation": "",
        "personalEthnicity": "",
        "personalFavoriteClevelandActivity": "",
        "personalFavoriteSportsTeams": "",
        "personalGender": "",
        "personalHighestEducation": "",
        "personalWhyCleveland": Array [],
      }
    }
    surveyLength={5}
    surveyStep={1}
  />,
  Symbol(enzyme.__renderer__): Object {
    "batchedUpdates": [Function],
    "getNode": [Function],
    "render": [Function],
    "simulateEvent": [Function],
    "unmount": [Function],
  },
  Symbol(enzyme.__node__): Object {
    "instance": null,
    "key": undefined,
    "nodeType": "class",
    "props": Object {
      "store": Object {
        "checkSurveyState": [Function],
        "disallow": [Function],
        "loadProps": [Function],
        "resetState": [Function],
        "submitSurvey": [Function],
        "subscribe": [Function],
      },
      "survey": Object {
        "careerDevelopmentJobCount": 0,
        "careerSalary": 0,
        "careerSatisfaction": "",
        "careerWorkLifeBalance": "",
        "developerCurrentRoles": Array [],
        "developerHowLong": 0,
        "languagePrimaryHomeLanguages": Array [],
        "languagePrimaryWorkLanguage": "",
        "languageWhenDidYouLearnIt": 0,
        "languageWhereDidYouLearnIt": Array [],
        "languageWhyDoYouUseIt": Array [],
        "officeEmployeeCount": "",
        "officeHoursPerWeek": 0,
        "officeLocation": "",
        "personalEthnicity": "",
        "personalFavoriteClevelandActivity": "",
        "personalFavoriteSportsTeams": "",
        "personalGender": "",
        "personalHighestEducation": "",
        "personalWhyCleveland": Array [],
      },
      "surveyLength": 5,
      "surveyStep": 1,
    },
    "ref": null,
    "rendered": null,
    "type": [Function],
  },
  Symbol(enzyme.__nodes__): Array [
    Object {
      "instance": null,
      "key": undefined,
      "nodeType": "class",
      "props": Object {
        "store": Object {
          "checkSurveyState": [Function],
          "disallow": [Function],
          "loadProps": [Function],
          "resetState": [Function],
          "submitSurvey": [Function],
          "subscribe": [Function],
        },
        "survey": Object {
          "careerDevelopmentJobCount": 0,
          "careerSalary": 0,
          "careerSatisfaction": "",
          "careerWorkLifeBalance": "",
          "developerCurrentRoles": Array [],
          "developerHowLong": 0,
          "languagePrimaryHomeLanguages": Array [],
          "languagePrimaryWorkLanguage": "",
          "languageWhenDidYouLearnIt": 0,
          "languageWhereDidYouLearnIt": Array [],
          "languageWhyDoYouUseIt": Array [],
          "officeEmployeeCount": "",
          "officeHoursPerWeek": 0,
          "officeLocation": "",
          "personalEthnicity": "",
          "personalFavoriteClevelandActivity": "",
          "personalFavoriteSportsTeams": "",
          "personalGender": "",
          "personalHighestEducation": "",
          "personalWhyCleveland": Array [],
        },
        "surveyLength": 5,
        "surveyStep": 1,
      },
      "ref": null,
      "rendered": null,
      "type": [Function],
    },
  ],
  Symbol(enzyme.__options__): Object {
    "adapter": ReactSixteenAdapter {
      "options": Object {
        "enableComponentDidUpdateOnSetState": true,
      },
    },
    "childContextTypes": Object {
      "store": [Function],
    },
    "context": Object {
      "store": Object {
        "checkSurveyState": [Function],
        "disallow": [Function],
        "loadProps": [Function],
        "resetState": [Function],
        "submitSurvey": [Function],
        "subscribe": [Function],
      },
    },
  },
}
`;
